Microchip MPLAB XC8 Compiler V2.35

Linker command line:

-W-3 --edf=C:\Program Files\Microchip\xc8\v2.35\pic\dat\en_msgs.txt -cn \
  -h+dist/default/production\lab04.X.production.sym \
  --cmf=dist/default/production\lab04.X.production.cmf -z -Q16F887 \
  -oC:\Users\saras\AppData\Local\Temp\xcAsmlo.4 --defsym=__MPLAB_BUILD=1 \
  -Mdist/default/production/lab04.X.production.map \
  --md=C:\Users\saras\AppData\Local\Temp\xcAsmlo.dat -E1 -ver=XC8 Compiler \
  --acfsm=1493 -ACODE=00h-07FFhx4 -ASTRCODE=00h-01FFFh -ASTRING=00h-0FFhx32 \
  -ACONST=00h-0FFhx32 -AENTRY=00h-0FFhx32 -ACOMMON=070h-07Fh \
  -ABANK0=020h-06Fh -ABANK1=0A0h-0EFh -ABANK2=0110h-016Fh \
  -ABANK3=0190h-01EFh -ARAM=020h-06Fh,0A0h-0EFh,0110h-016Fh,0190h-01EFh \
  -AABS1=020h-07Fh,0A0h-0EFh,0110h-016Fh,0190h-01EFh -ASFR0=00h-01Fh \
  -ASFR1=080h-09Fh -ASFR2=0100h-010Fh -ASFR3=0180h-018Fh \
  -ACONFIG=02007h-02008h -DCONFIG=2 -AIDLOC=02000h-02003h -DIDLOC=2 \
  -AEEDATA=00h-0FFh/02100h -peeprom_data=EEDATA -DEEDATA=2 -DCODE=2 \
  -DSTRCODE=2 -DSTRING=2 -DCONST=2 -DENTRY=2 \
  -preset_vec=00h,intentry=04h,init,end_init -ppowerup=CODE -pcinit=CODE \
  -pfunctab=ENTRY -k C:\Users\saras\AppData\Local\Temp\xcAsmlo.o \
  dist/default/production\lab04.X.production.o 

Object code version is 3.11

Machine type is 16F887



                Name                               Link     Load   Length Selector   Space Scale
C:\Users\saras\AppData\Local\Temp\xcAsmlo.o
                end_init                              C        C        3        8       0
                reset_vec                             0        0        3        0       0
                config                             2007     2007        2        0       4
                idloc                              2000     2000        4        0       5
dist/default/production\lab04.X.production.o
                cinit                                 F        F        C        8       0
                intentry                              4        4        8        8       0
                config                             2007     2007        2        0       4
                idloc                              2000     2000        4        0       5
                text12                              251      251        6        8       0
                text11                              203      203       25        8       0
                text10                              228      228        D        8       0
                text9                               1D3      1D3       30        8       0
                text8                               248      248        9        8       0
                text7                               23F      23F        9        8       0
                text6                               235      235        A        8       0
                text5                                1B       1B       68        8       0
                text4                               138      138       3A        8       0
                text3                               172      172       31        8       0
                text2                                E1       E1       57        8       0
                text1                               1A3      1A3       30        8       0
                maintext                             83       83       5E        8       0
                cstackBANK0                          20       20       13       20       1
                cstackCOMMON                         70       70        8       70       1
                bssBANK0                             33       33        3       20       1
                bssCOMMON                            78       78        3       70       1

TOTAL           Name                               Link     Load   Length     Space
        CLASS   CODE           
                end_init                              C        C        3         0
                cinit                                 F        F        C         0
                intentry                              4        4        8         0
                reset_vec                             0        0        3         0
                text12                              251      251        6         0
                text11                              203      203       25         0
                text10                              228      228        D         0
                text9                               1D3      1D3       30         0
                text8                               248      248        9         0
                text7                               23F      23F        9         0
                text6                               235      235        A         0
                text5                                1B       1B       68         0
                text4                               138      138       3A         0
                text3                               172      172       31         0
                text2                                E1       E1       57         0
                text1                               1A3      1A3       30         0
                maintext                             83       83       5E         0

        CLASS   STRCODE        

        CLASS   STRING         

        CLASS   CONST          

        CLASS   ENTRY          

        CLASS   COMMON         
                cstackCOMMON                         70       70        8         1
                bssCOMMON                            78       78        3         1

        CLASS   BANK0          
                cstackBANK0                          20       20       13         1
                bssBANK0                             33       33        3         1

        CLASS   BANK1          

        CLASS   BANK2          

        CLASS   BANK3          

        CLASS   RAM            

        CLASS   ABS1           
                abs_s1                               7E       7E        2         1

        CLASS   SFR0           

        CLASS   SFR1           

        CLASS   SFR2           

        CLASS   SFR3           

        CLASS   CONFIG         
                config                             2007     2007        2         4

        CLASS   IDLOC          
                idloc                              2000     2000        4         5

        CLASS   EEDATA         

        CLASS   STACK          



SEGMENTS        Name                           Load    Length   Top    Selector   Space  Class     Delta

                reset_vec                      000000  000003  000003         0       0  CODE        2
                intentry                       000004  000253  000257         8       0  CODE        2
                cstackBANK0                    000020  000016  000036        20       1  BANK0       1
                cstackCOMMON                   000070  00000B  00007B        70       1  COMMON      1


UNUSED ADDRESS RANGES

        Name                Unused          Largest block    Delta
        BANK0            0036-006F             3A           1
        BANK1            00A0-00EF             50           1
        BANK2            0110-016F             60           1
        BANK3            0190-01EF             60           1
        CODE             0003-0003              1           2
                         0257-1FFF            800
        COMMON           007B-007D              3           1
        CONST            0003-0003              1           2
                         0257-1FFF            100
        EEDATA           2100-21FF            100           2
        ENTRY            0003-0003              1           2
                         0257-1FFF            100
        RAM              0036-006F             3A           1
                         00A0-00EF             50
                         0110-016F             60
                         0190-01EF             60
        SFR0             0000-001F             20           1
        SFR1             0080-009F             20           1
        SFR2             0100-010F             10           1
        SFR3             0180-018F             10           1
        STRCODE          0003-0003              1           2
                         0257-1FFF           1DA9
        STRING           0003-0003              1           2
                         0257-1FFF            100

                                  Symbol Table

?_I2C_Master_Read         cstackCOMMON 0073
?___lldiv                 cstackBANK0  0020
I2C_Master_Init@c         cstackBANK0  002D
I2C_Master_Read@a         cstackCOMMON 0073
I2C_Master_Read@temp      cstackBANK0  0020
I2C_Master_Write@d        cstackCOMMON 0073
_ADCON0bits               (abs)        001F
_ADCON1bits               (abs)        009F
_ADRESH                   (abs)        001E
_ANSEL                    (abs)        0188
_ANSELH                   (abs)        0189
_GIE                      (abs)        005F
_I2C_Master_Init          text4        0138
_I2C_Master_Read          text9        01D3
_I2C_Master_Start         text8        0248
_I2C_Master_Stop          text7        023F
_I2C_Master_Wait          text10       0228
_I2C_Master_Write         text6        0235
_INTCONbits               (abs)        000B
_OPTION_REGbits           (abs)        0081
_OSCCONbits               (abs)        008F
_PEIE                     (abs)        005E
_PIE1bits                 (abs)        008C
_PIR1bits                 (abs)        000C
_PORTB                    (abs)        0006
_PORTD                    (abs)        0008
_SSPADD                   (abs)        0093
_SSPBUF                   (abs)        0013
_SSPCON                   (abs)        0014
_SSPCON2                  (abs)        0091
_SSPCON2bits              (abs)        0091
_SSPIE                    (abs)        0463
_SSPIF                    (abs)        0063
_SSPSTAT                  (abs)        0094
_TMR0                     (abs)        0001
_TRISB                    (abs)        0086
_TRISC3                   (abs)        043B
_TRISC4                   (abs)        043C
_TRISCbits                (abs)        0087
_TRISD                    (abs)        0088
__Habs1                   abs1         0000
__Hbank0                  bank0        0000
__Hbank1                  bank1        0000
__Hbank2                  bank2        0000
__Hbank3                  bank3        0000
__HbssBANK0               bssBANK0     0000
__HbssCOMMON              bssCOMMON    0000
__Hcinit                  cinit        001B
__Hclrtext                clrtext      0000
__Hcode                   code         0000
__Hcommon                 common       0000
__Hconfig                 config       2009
__HcstackBANK0            cstackBANK0  0000
__HcstackCOMMON           cstackCOMMON 0000
__Heeprom_data            eeprom_data  0000
__Hend_init               end_init     000F
__Hfunctab                functab      0000
__Hidloc                  idloc        2004
__Hinit                   init         000C
__Hintentry               intentry     000C
__Hmaintext               maintext     0000
__Hpowerup                powerup      0000
__Hram                    ram          0000
__Hreset_vec              reset_vec    0003
__Hsfr0                   sfr0         0000
__Hsfr1                   sfr1         0000
__Hsfr2                   sfr2         0000
__Hsfr3                   sfr3         0000
__Hspace_0                (abs)        0257
__Hspace_1                (abs)        007B
__Hspace_2                (abs)        0000
__Hspace_3                (abs)        0000
__Hspace_4                (abs)        4010
__Hstack                  stack        0000
__Hstrings                strings      0000
__Htext                   text         0000
__Labs1                   abs1         0000
__Lbank0                  bank0        0000
__Lbank1                  bank1        0000
__Lbank2                  bank2        0000
__Lbank3                  bank3        0000
__LbssBANK0               bssBANK0     0000
__LbssCOMMON              bssCOMMON    0000
__Lcinit                  cinit        000F
__Lclrtext                clrtext      0000
__Lcode                   code         0000
__Lcommon                 common       0000
__Lconfig                 config       0000
__LcstackBANK0            cstackBANK0  0000
__LcstackCOMMON           cstackCOMMON 0000
__Leeprom_data            eeprom_data  0000
__Lend_init               end_init     000C
__Lfunctab                functab      0000
__Lidloc                  idloc        0000
__Linit                   init         000C
__Lintentry               intentry     0004
__Lmaintext               maintext     0000
__Lpowerup                powerup      0000
__Lram                    ram          0000
__Lreset_vec              reset_vec    0000
__Lsfr0                   sfr0         0000
__Lsfr1                   sfr1         0000
__Lsfr2                   sfr2         0000
__Lsfr3                   sfr3         0000
__Lspace_0                (abs)        0000
__Lspace_1                (abs)        0000
__Lspace_2                (abs)        0000
__Lspace_3                (abs)        0000
__Lspace_4                (abs)        0000
__Lstack                  stack        0000
__Lstrings                strings      0000
__Ltext                   text         0000
__S0                      (abs)        0257
__S1                      (abs)        007B
__S3                      (abs)        0000
___int_sp                 stack        0000
___latbits                (abs)        0002
___lldiv                  text5        001B
___lldiv@counter          cstackBANK0  002C
___lldiv@dividend         cstackBANK0  0024
___lldiv@divisor          cstackBANK0  0020
___lldiv@quotient         cstackBANK0  0028
___sp                     stack        0000
___stackhi                (abs)        0000
___stacklo                (abs)        0000
__end_of_I2C_Master_Init  text4        0172
__end_of_I2C_Master_Read  text9        0203
__end_of_I2C_Master_Start text8        0251
__end_of_I2C_Master_Stop  text7        0248
__end_of_I2C_Master_Wait  text10       0235
__end_of_I2C_Master_Write text6        023F
__end_of___lldiv          text5        0083
__end_of__initialization  cinit        0017
__end_of_int_osc_MHz      text3        01A3
__end_of_isr              text11       0228
__end_of_main             maintext     00E1
__end_of_setup            text1        01D3
__end_of_tmr0_init        text2        0138
__end_of_tmr0_reload      text12       0257
__initialization          cinit        000F
__pbssBANK0               bssBANK0     0033
__pbssCOMMON              bssCOMMON    0078
__pcstackBANK0            cstackBANK0  0020
__pcstackCOMMON           cstackCOMMON 0070
__pintentry               intentry     0004
__pmaintext               maintext     0083
__ptext1                  text1        01A3
__ptext10                 text10       0228
__ptext11                 text11       0203
__ptext12                 text12       0251
__ptext2                  text2        00E1
__ptext3                  text3        0172
__ptext4                  text4        0138
__ptext5                  text5        001B
__ptext6                  text6        0235
__ptext7                  text7        023F
__ptext8                  text8        0248
__ptext9                  text9        01D3
_cont                     bssCOMMON    007A
_cont2                    bssBANK0     0035
_int_osc_MHz              text3        0172
_isr                      text11       0203
_main                     maintext     0083
_resultado_adc            bssBANK0     0033
_setup                    text1        01A3
_tmr0_init                text2        00E1
_tmr0_reload              text12       0251
btemp                     (abs)        007E
end_of_initialization     cinit        0017
int_osc_MHz@freq          cstackCOMMON 0075
interrupt_function        intentry     0004
intlevel0                 functab      0000
intlevel1                 functab      0000
intlevel2                 functab      0000
intlevel3                 functab      0000
intlevel4                 functab      0000
intlevel5                 functab      0000
reset_vec                 reset_vec    0000
saved_w                   (abs)        007E
start                     init         000C
start_initialization      cinit        000F
tmr0_init@prescaler       cstackCOMMON 0075
wtemp0                    (abs)        007E


MODULE INFORMATION

Module		Function		Class		Link	Load	Size
I2C.c
		_I2C_Master_Read		CODE           	01D3	0000	48
		_I2C_Master_Wait		CODE           	0228	0000	13
		_I2C_Master_Init		CODE           	0138	0000	58
		_I2C_Master_Stop		CODE           	023F	0000	9
		_I2C_Master_Write		CODE           	0235	0000	10
		_I2C_Master_Start		CODE           	0248	0000	9

I2C.c estimated size: 147

../lab02.X/oscilador_1.c
		_int_osc_MHz   		CODE           	0172	0000	49

../lab02.X/oscilador_1.c estimated size: 49

C:\Program Files\Microchip\xc8\v2.35\pic\sources\c90\common\__lldiv.c
		___lldiv       		CODE           	001B	0000	104

C:\Program Files\Microchip\xc8\v2.35\pic\sources\c90\common\__lldiv.c estimated size: 104

shared
		__initialization		CODE           	000F	0000	8

shared estimated size: 8

main_ma.c
		_main          		CODE           	0083	0000	94
		_isr           		CODE           	0203	0000	37
		_setup         		CODE           	01A3	0000	48

main_ma.c estimated size: 179

../lab03.X/tmr0.c
		_tmr0_reload   		CODE           	0251	0000	6
		_tmr0_init     		CODE           	00E1	0000	87

../lab03.X/tmr0.c estimated size: 93

